Introduction:
=============
Google App Engine is a Platform as a Service and cloud computing platform for developing and hosting web applications in Google-managed data centers. Applications are sandboxed and run across multiple servers.
 

Deploy a service to GAE after creating a project:
================================================
```
==>gcloud version ---version of gcloud cli
anudeep_konaboina@cloudshell:~ (my-project)$ gcloud version
   Google Cloud SDK 305.0.0
   alpha 2020.08.07
   beta 2020.08.07
   bq 2.0.58
   core 2020.08.07
   gsutil 4.52
   kubectl 1.15.11
```
```
==>gcloud projects create -- create a project
anudeep_konaboina@cloudshell:~ (my-project)$ gcloud projects create my-project --name="my-project" ---create a project
```

```
==>gcloud projects describe my-project --describe project
anudeep_konaboina@cloudshell:~ (my-project)$  gcloud projects describe my-project
   createTime: '2020-08-12T13:27:56.615Z'
   lifecycleState: ACTIVE
   name: my-project
   parent:
     id: '1047441156849'
     type: organization
   projectId: my-project
   projectNumber: '281507258520'
```

```
==>gcloud projects list -->to list the projects
   anudeep_konaboina@cloudshell:~ (my-project)$ gcloud projects list
   PROJECT_ID  NAME        PROJECT_NUMBER
   my-project  my-project  281507258520
```

```
==>gcloud config set project my-project-->to go into a project
   anudeep_konaboina@cloudshell:~ (my-project)$ gcloud config set project my-project
   Updated property [core/project].
```

```
==>gcloud auth activate-service-account -->activate credentials for an account
   anudeep_konaboina@cloudshell:~ (my-project)$ gcloud auth activate-service-account --key-file=gcp_auth.json
   Activated service account credentials for: [dev@my-project.iam.gserviceaccount.com]
```
```
==>gcloud init -->This command will take you through the configuration of gcloud.
   anudeep_konaboina@cloudshell:~ (my-project)$ gcloud init
   Welcome! This command will take you through the configuration of gcloud.

   Settings from your current configuration [default] are:
   core:
     account: dev@my-project.iam.gserviceaccount.com
     disable_usage_reporting: 'True'

   Pick configuration to use:
    [1] Re-initialize this configuration [default] with new settings
    [2] Create a new configuration
   Please enter your numeric choice:  1

   Your current configuration has been set to: [default]

   You can skip diagnostics next time by using the following flag:
     gcloud init --skip-diagnostics

   Network diagnostic detects and fixes local network connection issues.
   Checking network connection...done.
   Reachability Check passed.
   Network diagnostic passed (1/1 checks passed).

   Choose the account you would like to use to perform operations for
   this configuration:
    [1] dev@my-project.iam.gserviceaccount.com
    [2] Log in with a new account
   Please enter your numeric choice:  1

   You are logged in as: [dev@my-project.iam.gserviceaccount.com].

   Pick cloud project to use:
    [1] my-project
    [2] Create a new project
   Please enter numeric choice or text value (must exactly match list
   item):  1

   Your current project has been set to: [my-project].
```
```
===>gcloud app create --->to create an app engine
   anudeep_konaboina@cloudshell:~ (my-project)$ gcloud app create
   ERROR: (gcloud.app.create) The project [my-project] already contains an App Engine application in region [us-central].  You can deploy your application using `gcloud app deploy`.
   anudeep_konaboina@cloudshell:~ (my-project)$
```
```
==>gcloud app deploy -->deploy an application
   anudeep_konaboina@cloudshell:~ (my-project)$ gcloud app deploy
   Services to deploy:

   descriptor:      [/home/docker/service/app.yaml]
   source:          [/home/docker/service]
   target project:  [my-project]
   target service:  [first-service]
   target version:  [20201114t181947]
   target url:      [https://first-service-dot-my-project.uc.r.appspot.com]


   Do you want to continue (Y/n)?  Y

   WARNING: Unable to verify that the Appengine Flexible API is enabled for project [my-project]. You may not have permission to list enabled services o                 n this project. If it is not enabled, this may cause problems in running your deployment. Please ask the project owner to ensure that the Appengine F                 lexible API has been enabled and that this account has permission to list enabled APIs.

   Note: When deploying with a service account, the Service Management API needs to be enabled in order to verify that the Appengine Flexible API is ena                 bled. Please ensure the Service Management API has been enabled on this project by the project owner.
   Beginning deployment of service [first-service]...
   Building and pushing image for service [first-service]
   Started cloud build [f5b5417f-a65c-4e8a-b76a-7f686a419cd4].
   To see logs in the Cloud Console: https://console.cloud.google.com/cloud-build/builds/f5b5417f-a65c-4e8a-b76a-7f686a419cd4?project=281507258520
   ---------------------------------------------------------------- REMOTE BUILD OUTPUT ----------------------------------------------------------------
   starting build "f5b5417f-a65c-4e8a-b76a-7f686a419cd4"

   FETCHSOURCE
   Fetching storage object: gs://staging.my-project.appspot.com/us.gcr.io/my-project/appengine/first-service.20201114t181947:latest#1605377998120909
   Copying gs://staging.my-project.appspot.com/us.gcr.io/my-project/appengine/first-service.20201114t181947:latest#1605377998120909...
   / [1 files][  4.5 KiB/  4.5 KiB]
   Operation completed over 1 objects/4.5 KiB.
   BUILD
   Already have image (with digest): gcr.io/cloud-builders/docker
   Sending build context to Docker daemon  40.45kB
   Step 1/3 : FROM us.gcr.io/my-project/base_image:v0.1
   v0.1: Pulling from my-project/base_image
   9b4ebb48de8d: Pulling fs layer
   352acfde6a6f: Pulling fs layer
   ca8d01068b3a: Pulling fs layer
   5d58c9a49bbb: Pulling fs layer
   f1cd1c9ed94f: Pulling fs layer
   1724b9b48494: Pulling fs layer
   070acb732ebd: Pulling fs layer
   5d58c9a49bbb: Waiting
   f1cd1c9ed94f: Waiting
   1724b9b48494: Waiting
   070acb732ebd: Waiting
   ca8d01068b3a: Verifying Checksum
   ca8d01068b3a: Download complete
   9b4ebb48de8d: Verifying Checksum
   9b4ebb48de8d: Download complete
   5d58c9a49bbb: Verifying Checksum
   5d58c9a49bbb: Download complete
   1724b9b48494: Verifying Checksum
   1724b9b48494: Download complete
   352acfde6a6f: Verifying Checksum
   352acfde6a6f: Download complete
   070acb732ebd: Verifying Checksum
   070acb732ebd: Download complete
   f1cd1c9ed94f: Verifying Checksum
   f1cd1c9ed94f: Download complete
   9b4ebb48de8d: Pull complete
   352acfde6a6f: Pull complete
   ca8d01068b3a: Pull complete
   5d58c9a49bbb: Pull complete
   f1cd1c9ed94f: Pull complete
   1724b9b48494: Pull complete
   070acb732ebd: Pull complete
   Digest: sha256:053eb6f80cbef6e0b5930042a3fe97fbf22eb60693ec923543d47bb7e83362c3
   Status: Downloaded newer image for us.gcr.io/my-project/base_image:v0.1
    ---> 840a0f2930df
   Step 2/3 : ADD bin/start_services.sh /bin/
    ---> f12d325815d7
   Step 3/3 : ENTRYPOINT ["bash","/bin/start_services.sh"]
    ---> Running in 9aea8db0d132
   Removing intermediate container 9aea8db0d132
    ---> 06b71516099a
   Successfully built 06b71516099a
   Successfully tagged us.gcr.io/my-project/appengine/first-service.20201114t181947:latest
   PUSH
   Pushing us.gcr.io/my-project/appengine/first-service.20201114t181947:latest
   The push refers to repository [us.gcr.io/my-project/appengine/first-service.20201114t181947]
   ff7ef2523100: Preparing
   90fa607e161a: Preparing
   f4e5901e8a36: Preparing
   b20ffb069039: Preparing
   3ce93d29e623: Preparing
   43ee2f3569e0: Preparing
   321bfcd3d886: Preparing
   fb82b029bea0: Preparing
   43ee2f3569e0: Waiting
   321bfcd3d886: Waiting
   fb82b029bea0: Waiting
   f4e5901e8a36: Layer already exists
   3ce93d29e623: Layer already exists
   90fa607e161a: Layer already exists
   b20ffb069039: Layer already exists
   321bfcd3d886: Layer already exists
   fb82b029bea0: Layer already exists
   43ee2f3569e0: Layer already exists
   ff7ef2523100: Pushed
   latest: digest: sha256:05b985dfac6492bd83f4ef7595b90c466b3382933894b926281fc61baa275960 size: 2005
   DONE
   -----------------------------------------------------------------------------------------------------------------------------------------------------

   Updating service [first-service] (this may take several minutes)...done.
   Setting traffic split for service [first-service]...done.
   Deployed service [first-service] to [https://first-service-dot-my-project.uc.r.appspot.com]

   You can stream logs from the command line by running:
     $ gcloud app logs tail -s first-service
```
```
==>gcloud app instances list--list of instances within a app engine
anudeep_konaboina@cloudshell:~ (my-project)$ gcloud app instances list
   SERVICE                VERSION          ID                                                VM_STATUS  DEBUG_MODE
   first-service          20201114t181947  aef-first--service-20201114t181947-hzbx           RUNNING YES
```
```
==>gcloud app instances ssh --ssh into an instance
anudeep_konaboina@cloudshell:~ (my-project)$ gcloud app instances ssh aef-first--service-20201114t181947-hzbx --service=first-service --version=20201114t181947
WARNING: This instance is serving live application traffic.  Any changes made could
result in downtime or unintended consequences.
Do you want to continue (Y/n)?  Y

Sending public key to instance [apps/my-project/services/first-service/versions/20201114t181947/instances/aef-first--service-20201114t181947-hzbx].
Waiting for operation [apps/my-project/operations/46fe77be-8690-4db7-8f52-9aeea4e165c1] to complete...done.
The authenticity of host 'gae.my-project.aef-first--service-20201114t181947-hzbx (34.122.10.249)' can't be established.
ED25519 key fingerprint is SHA256:zep0OTMrAx64UttROJuCUlI2H41S5wTu+c3W7A+1V80.
Are you sure you want to continue connecting (yes/no/[fingerprint])? yes
Warning: Permanently added 'gae.my-project.aef-first--service-20201114t181947-hzbx' (ED25519) to the list of known hosts.
ak0107@aef-first--service-20201114t181947-hzbx ~ $
```
```
==>gcloud app describe-->describe your application
anudeep_konaboina@cloudshell:~ (my-project)$ gcloud app describe
authDomain: gmail.com
databaseType: CLOUD_DATASTORE_COMPATIBILITY
defaultHostname: my-project.uc.r.appspot.com
featureSettings:
  splitHealthChecks: true
  useContainerOptimizedOs: true
gcrDomain: us.gcr.io
id: my-project
locationId: us-central
name: apps/my-project
servingStatus: SERVING
anudeep_konaboina@cloudshell:~ (my-project)$
```
```
==>gcloud app services/instances delete ---delete a service /instance
anudeep_konaboina@cloudshell:~ (my-project)$ gcloud app services delete first-service
Deleting service [my-project/first-service].
   
Do you want to continue (Y/n)?  Y
   
Deleting [first-service]...⠧
Deleting [first-service]...done.
```


